// Jest Snapshot v1, https://goo.gl/fbAQLP

exports[`atom Atom component render correctly 1`] = `
.emotion-0 {
  color: #F0FFF4;
  width: 500px;
  height: 1rem;
  font-size: 24rem;
}

.emotion-0:hover {
  color: #FFFFFF;
}

.emotion-0::after {
  width: 1rem;
}

<span
  class="emotion-0"
/>
`;
